
        ==========     _____ _    _ ____  _____  ______          _____  
        =====         / ____| |  | |  _ \|  __ \|  ____|   /\   |  __ \ 
          =====      | (___ | |  | | |_) | |__) | |__     /  \  | |  | |
            ====      \___ \| |  | |  _ <|  _  /|  __|   / /\ \ | |  | |
              ====    ____) | |__| | |_) | | \ \| |____ / ____ \| |__| |
        ==========   |_____/ \____/|____/|_|  \_\______/_/    \_\_____/
	  v2.0.6

//========================== featureCounts setting ===========================\\
||                                                                            ||
||             Input files : 21 BAM files                                     ||
||                                                                            ||
||                           Am_01_classified1.ref.bam                        ||
||                           Am_02_classified1.ref.bam                        ||
||                           Am_03_classified1.ref.bam                        ||
||                           Am_04_classified1.ref.bam                        ||
||                           Am_05_classified1.ref.bam                        ||
||                           Am_06_classified1.ref.bam                        ||
||                           Am_07_classified1.ref.bam                        ||
||                           Am_08_classified1.ref.bam                        ||
||                           Am_09_classified1.ref.bam                        ||
||                           Am_10_classified1.ref.bam                        ||
||                           Am_11_classified1.ref.bam                        ||
||                           Am_12_classified1.ref.bam                        ||
||                           Am_13_classified1.ref.bam                        ||
||                           Am_14_classified1.ref.bam                        ||
||                           Am_15_classified1.ref.bam                        ||
||                           Am_16_classified1.ref.bam                        ||
||                           Am_17_classified1.ref.bam                        ||
||                           Am_18_classified1.ref.bam                        ||
||                           Am_19_classified1.ref.bam                        ||
||                           Am_20_classified1.ref.bam                        ||
||                           Am_26_classified1.ref.bam                        ||
||                                                                            ||
||             Output file : marm_counts.txt                                  ||
||                 Summary : marm_counts.txt.summary                          ||
||              Paired-end : no                                               ||
||        Count read pairs : no                                               ||
||              Annotation : AspMarm.gtf (GTF)                                ||
||      Dir for temp files : /home/vanwper/nobackup/autodelete/dge_tessel ... ||
||                                                                            ||
||                 Threads : 8                                                ||
||                   Level : meta-feature level                               ||
||      Multimapping reads : not counted                                      ||
|| Multi-overlapping reads : not counted                                      ||
||   Min overlapping bases : 1                                                ||
||                                                                            ||
\\============================================================================//

//================================= Running ==================================\\
||                                                                            ||
|| Load annotation file AspMarm.gtf ...                                       ||
||    Features : 229584                                                       ||
||    Meta-features : 29572                                                   ||
||    Chromosomes/contigs : 84                                                ||
||                                                                            ||
|| Process BAM file Am_01_classified1.ref.bam...                              ||
ERROR: Paired-end reads were detected in single-end read library : /home/vanwper/nobackup/autodelete/dge_tesselatus/mapped_reads/classified/Marm/Am_01_classified1.ref.bam

        ==========     _____ _    _ ____  _____  ______          _____  
        =====         / ____| |  | |  _ \|  __ \|  ____|   /\   |  __ \ 
          =====      | (___ | |  | | |_) | |__) | |__     /  \  | |  | |
            ====      \___ \| |  | |  _ <|  _  /|  __|   / /\ \ | |  | |
              ====    ____) | |__| | |_) | | \ \| |____ / ____ \| |__| |
        ==========   |_____/ \____/|____/|_|  \_\______/_/    \_\_____/
	  v2.0.6

//========================== featureCounts setting ===========================\\
||                                                                            ||
||             Input files : 21 BAM files                                     ||
||                                                                            ||
||                           Am_01_classified2.ref.bam                        ||
||                           Am_02_classified2.ref.bam                        ||
||                           Am_03_classified2.ref.bam                        ||
||                           Am_04_classified2.ref.bam                        ||
||                           Am_05_classified2.ref.bam                        ||
||                           Am_06_classified2.ref.bam                        ||
||                           Am_07_classified2.ref.bam                        ||
||                           Am_08_classified2.ref.bam                        ||
||                           Am_09_classified2.ref.bam                        ||
||                           Am_10_classified2.ref.bam                        ||
||                           Am_11_classified2.ref.bam                        ||
||                           Am_12_classified2.ref.bam                        ||
||                           Am_13_classified2.ref.bam                        ||
||                           Am_14_classified2.ref.bam                        ||
||                           Am_15_classified2.ref.bam                        ||
||                           Am_16_classified2.ref.bam                        ||
||                           Am_17_classified2.ref.bam                        ||
||                           Am_18_classified2.ref.bam                        ||
||                           Am_19_classified2.ref.bam                        ||
||                           Am_20_classified2.ref.bam                        ||
||                           Am_26_classified2.ref.bam                        ||
||                                                                            ||
||             Output file : sept_counts.txt                                  ||
||                 Summary : sept_counts.txt.summary                          ||
||              Paired-end : no                                               ||
||        Count read pairs : no                                               ||
||              Annotation : AspSept.gtf (GTF)                                ||
||      Dir for temp files : /home/vanwper/nobackup/autodelete/dge_tessel ... ||
||                                                                            ||
||                 Threads : 8                                                ||
||                   Level : meta-feature level                               ||
||      Multimapping reads : not counted                                      ||
|| Multi-overlapping reads : not counted                                      ||
||   Min overlapping bases : 1                                                ||
||                                                                            ||
\\============================================================================//

//================================= Running ==================================\\
||                                                                            ||
|| Load annotation file AspSept.gtf ...                                       ||

ERROR: failed to find the gene identifier attribute in the 9th column of the provided GTF file.
The specified gene identifier attribute is 'gene_id' 
An example of attributes included in your GTF annotation is 'transcript_id "Atsept219.1.p1";'.

