      Geneid baseMean log2FoldChange     lfcSE      stat        pvalue
1 Marm_09581 425.7878      -5.003748 0.2279554 -21.95056 8.554348e-107
2 Marm_10122 280.4768      -6.058510 0.3665752 -16.52733  2.332460e-61
3 Marm_09331 295.4336      -7.204209 0.4630135 -15.55939  1.373956e-54
4 Marm_22574 562.8306      -5.378722 0.3594765 -14.96265  1.287843e-50
5 Marm_15721 362.5667      -3.765850 0.2550564 -14.76477  2.471510e-49
6 Marm_09578 623.1456      -4.565053 0.3123511 -14.61513  2.249106e-48
           padj diffexpressed
1 1.089396e-102          DOWN
2  1.485194e-57          DOWN
3  5.832444e-51          DOWN
4  4.100170e-47          DOWN
5  6.294935e-46          DOWN
6  4.773727e-45          DOWN
      Geneid baseMean log2FoldChange     lfcSE       stat       pvalue
1 Marm_04881 114.3155      -3.557121 0.3161254 -11.252249 2.257615e-29
2 Marm_17209 175.4651      -1.442253 0.1633202  -8.830828 1.039035e-18
4 Marm_26563 120.3290      -2.597622 0.3102725  -8.372066 5.661653e-17
5 Marm_24866 896.5595      -2.135366 0.2563875  -8.328664 8.175966e-17
6 Marm_29077 710.5301      -2.297911 0.2846835  -8.071809 6.926402e-16
7 Marm_18854 695.9052      -2.294659 0.2907133  -7.893201 2.945338e-15
          padj diffexpressed
1 3.234259e-25          DOWN
2 7.442611e-15          DOWN
4 2.027721e-13          DOWN
5 2.342578e-13          DOWN
6 1.653794e-12          DOWN
7 6.027844e-12          DOWN
      Geneid baseMean log2FoldChange     lfcSE      stat        pvalue
1 Marm_09581 425.7878      -5.529555 0.2185871 -25.29680 3.463797e-141
2 Marm_09578 623.1456      -4.858788 0.2863576 -16.96755  1.427546e-64
3 Marm_09331 295.4336      -7.416792 0.4546700 -16.31247  8.046706e-60
4 Marm_22574 562.8306      -5.341495 0.3311234 -16.13144  1.534138e-58
5 Marm_10122 280.4768      -5.280999 0.3471506 -15.21241  2.925491e-52
6 Marm_22242 372.8287      -2.650674 0.1749280 -15.15295  7.244528e-52
           padj diffexpressed
1 4.688250e-137          DOWN
2  9.660917e-61          DOWN
3  3.630405e-56          DOWN
4  5.191141e-55          DOWN
5  7.919305e-49          DOWN
6  1.634245e-48          DOWN
      Geneid  baseMean log2FoldChange     lfcSE      stat        pvalue
1 Marm_22793 21418.870      -9.602707 0.2854746 -33.63769 4.719175e-248
4 Marm_16286  2598.035      -4.918509 0.1534578 -32.05122 2.110980e-225
5 Marm_08928 37964.736      -7.595455 0.2385340 -31.84223 1.686357e-222
7 Marm_19358  5790.240      -5.175606 0.1636025 -31.63526 1.209601e-219
8 Marm_10191  1502.192      -4.903143 0.1679956 -29.18614 2.908149e-187
9 Marm_14614 16709.790      -4.506859 0.1583046 -28.46954 2.792661e-178
           padj diffexpressed
1 8.797014e-244          DOWN
4 9.837695e-222          DOWN
5 6.287075e-219          DOWN
7 3.221166e-216          DOWN
8 6.776351e-184          DOWN
9 5.784221e-175          DOWN
       Geneid   baseMean log2FoldChange     lfcSE      stat        pvalue
7  Marm_22673  5841.6203     -10.641307 0.3214663 -33.10241 2.744211e-240
9  Marm_14614 16709.7896      -6.678272 0.2091143 -31.93599 8.455262e-224
12 Marm_15666   834.8306      -7.010332 0.2249332 -31.16629 3.051701e-213
15 Marm_20510 58032.8786      -7.835583 0.2548288 -30.74843 1.283518e-207
16 Marm_23891  5681.5587      -6.647747 0.2172480 -30.59981 1.231273e-205
17 Marm_17031  5760.7840      -7.248885 0.2372807 -30.54982 5.684950e-205
            padj diffexpressed
7  7.483071e-237          DOWN
9  1.793267e-220          DOWN
12 4.854239e-210          DOWN
15 1.633320e-204          DOWN
16 1.468908e-202          DOWN
17 6.383196e-202          DOWN
      Geneid  baseMean log2FoldChange     lfcSE      stat        pvalue
2 Marm_08789 31653.468     -10.147697 0.1910465 -53.11638  0.000000e+00
3 Marm_14614 16709.790     -11.185131 0.2088605 -53.55312  0.000000e+00
4 Marm_16286  2598.035      -7.759414 0.1840815 -42.15206  0.000000e+00
5 Marm_20166 63343.450      -9.422613 0.2149842 -43.82933  0.000000e+00
6 Marm_20510 58032.879     -12.977291 0.2547343 -50.94442  0.000000e+00
8 Marm_06532  9483.473     -11.719394 0.3238724 -36.18523 1.039643e-286
           padj diffexpressed
2  0.000000e+00          DOWN
3  0.000000e+00          DOWN
4  0.000000e+00          DOWN
5  0.000000e+00          DOWN
6  0.000000e+00          DOWN
8 2.480588e-283          DOWN
                     Geneid  baseMean log2FoldChange     lfcSE       stat
3  Atsept2012^scaffold_12^- 438.55236      -3.225490 0.2962141 -10.889050
5   Atsept7351^scaffold_1^+  55.50081      -2.731626 0.3033211  -9.005725
6  Atsept13234^scaffold_2^- 383.96475      -2.109641 0.2389322  -8.829455
8   Atsept8646^scaffold_1^+  98.24679      -8.150535 0.9752929  -8.357012
10 Atsept15939^scaffold_4^+ 200.04046      -1.319263 0.1644581  -8.021875
12 Atsept21006^scaffold_8^+  94.26706      -2.818753 0.3733840  -7.549206
         pvalue         padj diffexpressed
3  1.299898e-27 5.940101e-24          DOWN
5  2.142464e-19 6.545740e-16          DOWN
6  1.051875e-18 2.403358e-15          DOWN
8  6.432670e-17 1.102318e-13          DOWN
10 1.041428e-15 1.427693e-12          DOWN
12 4.379203e-14 5.002875e-11          DOWN
                    Geneid   baseMean log2FoldChange     lfcSE       stat
1  Atsept851^scaffold_11^-  127.86628      -3.498666 0.2459183 -14.226947
3 Atsept11115^scaffold_1^- 1344.66731      -2.623891 0.3354548  -7.821891
4  Atsept494^scaffold_10^-  153.80768      -3.216593 0.4223549  -7.615853
5 Atsept20474^scaffold_7^+ 2819.82334      -2.216514 0.3129912  -7.081714
6 Atsept15686^scaffold_3^+   75.65058      -6.975239 1.0262101  -6.797087
8 Atsept16380^scaffold_4^-   50.33383      -2.882152 0.4333160  -6.651386
        pvalue         padj diffexpressed
1 6.234502e-46 8.546879e-42          DOWN
3 5.203548e-15 2.377848e-11          DOWN
4 2.619554e-14 8.977866e-11          DOWN
5 1.423825e-12 3.903845e-09          DOWN
6 1.067557e-11 2.439191e-08          DOWN
8 2.903460e-11 5.386107e-08          DOWN
                     Geneid  baseMean log2FoldChange     lfcSE      stat
2  Atsept2012^scaffold_12^- 438.55236      -2.533096 0.2707271 -9.356641
3   Atsept7351^scaffold_1^+  55.50081      -2.414489 0.2894552 -8.341493
4   Atsept8646^scaffold_1^+  98.24679      -7.920116 0.9517215 -8.321884
6 Atsept12346^scaffold_22^-  29.89674      -2.571576 0.3194276 -8.050577
7  Atsept10699^scaffold_1^+  64.95155      -2.249380 0.2881843 -7.805352
9  Atsept21006^scaffold_8^+  94.26706      -2.614194 0.3461351 -7.552526
        pvalue         padj diffexpressed
2 8.231167e-21 5.495539e-17          DOWN
3 7.335825e-17 2.890130e-13          DOWN
4 8.657620e-17 2.890130e-13          DOWN
6 8.240445e-16 1.833911e-12          DOWN
7 5.933561e-15 1.131869e-11          DOWN
9 4.268957e-14 6.333710e-11          DOWN
                      Geneid  baseMean log2FoldChange     lfcSE      stat
3  Atsept11755^scaffold_21^-  9071.442      -8.179112 0.2873269 -28.46622
4   Atsept18667^scaffold_6^- 16862.692     -12.907243 0.4656296 -27.71998
5   Atsept18602^scaffold_6^+  3063.472      -8.376718 0.3180874 -26.33464
7   Atsept2489^scaffold_13^+  2515.881      -8.777934 0.3632841 -24.16273
9   Atsept4434^scaffold_15^- 13255.829     -12.261336 0.5210670 -23.53121
10 Atsept12148^scaffold_21^+  8268.295     -11.577319 0.4932957 -23.46933
          pvalue          padj diffexpressed
3  3.069589e-178 1.676098e-174          DOWN
4  4.010710e-169 1.642486e-165          DOWN
5  7.696589e-153 2.521557e-149          DOWN
7  5.487616e-129 1.284180e-125          DOWN
9  1.955499e-122 3.559225e-119          DOWN
10 8.392966e-122 1.374852e-118          DOWN
                     Geneid   baseMean log2FoldChange     lfcSE      stat
1  Atsept10295^scaffold_1^+  6813.1999      -7.073619 0.2312467 -30.58906
4  Atsept11049^scaffold_1^+  9329.2631      -6.506097 0.2393402 -27.18348
6  Atsept18230^scaffold_6^+ 15595.2285     -11.492238 0.4563955 -25.18044
7  Atsept15745^scaffold_4^-   941.9966      -6.123152 0.2440359 -25.09119
12 Atsept5973^scaffold_18^-   770.3337      -7.153062 0.2931360 -24.40186
15 Atsept1858^scaffold_12^+ 23286.0065     -14.004568 0.5983913 -23.40369
          pvalue          padj diffexpressed
1  1.711273e-205 2.867922e-201          DOWN
4  1.018503e-162 4.267271e-159          DOWN
6  6.561868e-140 1.832839e-136          DOWN
7  6.206240e-139 1.485863e-135          DOWN
12 1.634347e-131 2.282502e-128          DOWN
15 3.919050e-121 4.378624e-118          DOWN
                     Geneid   baseMean log2FoldChange     lfcSE      stat
1  Atsept11049^scaffold_1^+  9329.2631     -10.653673 0.2387031 -44.63147
2  Atsept3267^scaffold_13^+ 39417.2439     -13.605137 0.3712169 -36.65011
3 Atsept11755^scaffold_21^-  9071.4421     -12.138336 0.3695465 -32.84657
5  Atsept18872^scaffold_6^-  4977.7831      -5.727056 0.1884911 -30.38370
7  Atsept15745^scaffold_4^-   941.9966      -6.950448 0.2437219 -28.51794
9  Atsept1858^scaffold_12^+ 23286.0065     -15.865137 0.5983723 -26.51383
         pvalue          padj diffexpressed
1  0.000000e+00  0.000000e+00          DOWN
2 4.558144e-294 3.733348e-290          DOWN
3 1.274980e-236 6.961814e-233          DOWN
5 9.019871e-203 2.955090e-199          DOWN
7 7.019588e-179 1.642684e-175          DOWN
9 6.715013e-155 1.222207e-151          DOWN
